[0m16:47:10.258140 [debug] [MainThread]: Sending event: {'category': 'dbt', 'action': 'invocation', 'label': 'start', 'context': [<snowplow_tracker.self_describing_json.SelfDescribingJson object at 0x0000021DF247C0B0>, <snowplow_tracker.self_describing_json.SelfDescribingJson object at 0x0000021DF247FB00>, <snowplow_tracker.self_describing_json.SelfDescribingJson object at 0x0000021DF247F170>]}


============================== 16:47:10.273773 | 2dbebe0e-1d09-440b-bb2d-352bb903ed21 ==============================
[0m16:47:10.273773 [info ] [MainThread]: Running with dbt=1.12.5
[0m16:47:10.305026 [debug] [MainThread]: running dbt with arguments {'static_parser': 'True', 'no_print': 'None', 'version_check': 'True', 'warn_error_options': 'WarnErrorOptionsV2(error=[], warn=[], silence=[])', 'maximum_seed_size_mib': '1', 'target_path': 'None', 'printer_width': '80', 'write_json': 'True', 'empty': 'None', 'log_cache_events': 'False', 'introspect': 'True', 'cache_selected_only': 'False', 'fail_fast': 'False', 'debug': 'False', 'log_format': 'default', 'partial_parse': 'True', 'send_anonymous_usage_stats': 'True', 'quiet': 'False', 'warn_error': 'None', 'profiles_dir': 'C:\\Users\\PC\\.dbt', 'use_colors': 'True', 'hints_enabled': 'True', 'invocation_command': 'dbt init', 'use_experimental_parser': 'False', 'indirect_selection': 'eager', 'log_path': 'logs'}
[0m16:47:45.587191 [debug] [MainThread]: Starter project path: C:\Users\PC\Documents\E-commerce-Clickstream-Analytics-Pipeline\my_env\Lib\site-packages\dbt\include\starter_project
[0m16:47:45.637322 [info ] [MainThread]: Setting up your profile.
[0m16:48:23.962535 [error] [MainThread]: [[31mERROR[0m]: Encountered an error:

[0m16:48:23.977999 [error] [MainThread]: Traceback (most recent call last):
  File "C:\Users\PC\Documents\E-commerce-Clickstream-Analytics-Pipeline\my_env\Lib\site-packages\dbt\cli\requires.py", line 198, in wrapper
    result, success = func(*args, **kwargs)
                      ^^^^^^^^^^^^^^^^^^^^^
  File "C:\Users\PC\Documents\E-commerce-Clickstream-Analytics-Pipeline\my_env\Lib\site-packages\dbt\cli\requires.py", line 144, in wrapper
    return func(*args, **kwargs)
           ^^^^^^^^^^^^^^^^^^^^^
  File "C:\Users\PC\Documents\E-commerce-Clickstream-Analytics-Pipeline\my_env\Lib\site-packages\dbt\cli\main.py", line 504, in init
    results = task.run()
              ^^^^^^^^^^
  File "C:\Users\PC\Documents\E-commerce-Clickstream-Analytics-Pipeline\my_env\Lib\site-packages\dbt\task\init.py", line 363, in run
    self.setup_profile(profile_name)
  File "C:\Users\PC\Documents\E-commerce-Clickstream-Analytics-Pipeline\my_env\Lib\site-packages\dbt\task\init.py", line 265, in setup_profile
    self.create_profile_from_target(adapter, profile_name=profile_name)
  File "C:\Users\PC\Documents\E-commerce-Clickstream-Analytics-Pipeline\my_env\Lib\site-packages\dbt\task\init.py", line 182, in create_profile_from_target
    self.create_profile_from_profile_template(profile_template, profile_name)
  File "C:\Users\PC\Documents\E-commerce-Clickstream-Analytics-Pipeline\my_env\Lib\site-packages\dbt\task\init.py", line 166, in create_profile_from_profile_template
    target = self.generate_target_from_input(prompts, initial_target)
             ^^^^^^^^^^^^^^^^^^^^^^^^^^^^^^^^^^^^^^^^^^^^^^^^^^^^^^^^
  File "C:\Users\PC\Documents\E-commerce-Clickstream-Analytics-Pipeline\my_env\Lib\site-packages\dbt\task\init.py", line 132, in generate_target_from_input
    target[key] = click.prompt(
                  ^^^^^^^^^^^^^
  File "C:\Users\PC\Documents\E-commerce-Clickstream-Analytics-Pipeline\my_env\Lib\site-packages\click\termui.py", line 262, in prompt
    value = prompt_func(prompt)
            ^^^^^^^^^^^^^^^^^^^
  File "C:\Users\PC\Documents\E-commerce-Clickstream-Analytics-Pipeline\my_env\Lib\site-packages\click\termui.py", line 245, in prompt_func
    raise Abort() from None
click.exceptions.Abort

[0m16:48:23.981041 [debug] [MainThread]: Command `dbt init` failed at 16:48:23.981041 after 74.01 seconds
[0m16:48:23.982381 [debug] [MainThread]: Sending event: {'category': 'dbt', 'action': 'invocation', 'label': 'end', 'context': [<snowplow_tracker.self_describing_json.SelfDescribingJson object at 0x0000021DF01EEF60>, <snowplow_tracker.self_describing_json.SelfDescribingJson object at 0x0000021DF2651220>, <snowplow_tracker.self_describing_json.SelfDescribingJson object at 0x0000021DF26521E0>]}
[0m16:48:23.983386 [debug] [MainThread]: Flushing usage events
[0m16:48:25.742087 [debug] [MainThread]: An error was encountered while trying to flush usage events
[0m16:48:33.281715 [debug] [MainThread]: Sending event: {'category': 'dbt', 'action': 'invocation', 'label': 'start', 'context': [<snowplow_tracker.self_describing_json.SelfDescribingJson object at 0x000001B80B8C30B0>, <snowplow_tracker.self_describing_json.SelfDescribingJson object at 0x000001B80B356F90>, <snowplow_tracker.self_describing_json.SelfDescribingJson object at 0x000001B80B4A07A0>]}


============================== 16:48:33.287745 | 8e1a6d29-16ff-4c1b-84c7-da08259908a1 ==============================
[0m16:48:33.287745 [info ] [MainThread]: Running with dbt=1.12.5
[0m16:48:33.288712 [debug] [MainThread]: running dbt with arguments {'maximum_seed_size_mib': '1', 'no_print': 'None', 'static_parser': 'True', 'warn_error_options': 'WarnErrorOptionsV2(error=[], warn=[], silence=[])', 'version_check': 'True', 'target_path': 'None', 'printer_width': '80', 'write_json': 'True', 'empty': 'None', 'log_cache_events': 'False', 'introspect': 'True', 'cache_selected_only': 'False', 'fail_fast': 'False', 'debug': 'False', 'log_format': 'default', 'profiles_dir': 'C:\\Users\\PC\\.dbt', 'send_anonymous_usage_stats': 'True', 'quiet': 'False', 'warn_error': 'None', 'partial_parse': 'True', 'invocation_command': 'dbt init', 'hints_enabled': 'True', 'use_colors': 'True', 'use_experimental_parser': 'False', 'indirect_selection': 'eager', 'log_path': 'logs'}
[0m16:48:37.019664 [info ] [MainThread]: A project called ecommerce already exists here.
[0m16:48:37.019664 [debug] [MainThread]: Command `dbt init` succeeded at 16:48:37.019664 after 3.95 seconds
[0m16:48:37.019664 [debug] [MainThread]: Sending event: {'category': 'dbt', 'action': 'invocation', 'label': 'end', 'context': [<snowplow_tracker.self_describing_json.SelfDescribingJson object at 0x000001B80961FE30>, <snowplow_tracker.self_describing_json.SelfDescribingJson object at 0x000001B80D3EDD90>, <snowplow_tracker.self_describing_json.SelfDescribingJson object at 0x000001B80B0FD880>]}
[0m16:48:37.019664 [debug] [MainThread]: Flushing usage events
[0m16:48:38.775965 [debug] [MainThread]: An error was encountered while trying to flush usage events
[0m16:49:34.664601 [debug] [MainThread]: Sending event: {'category': 'dbt', 'action': 'invocation', 'label': 'start', 'context': [<snowplow_tracker.self_describing_json.SelfDescribingJson object at 0x0000027B3D655640>, <snowplow_tracker.self_describing_json.SelfDescribingJson object at 0x0000027B3D657D10>, <snowplow_tracker.self_describing_json.SelfDescribingJson object at 0x0000027B3D657650>]}


============================== 16:49:34.680228 | c7ff071d-1bb9-4379-8541-73dbc15e83c8 ==============================
[0m16:49:34.680228 [info ] [MainThread]: Running with dbt=1.12.5
[0m16:49:34.680228 [debug] [MainThread]: running dbt with arguments {'maximum_seed_size_mib': '1', 'no_print': 'None', 'version_check': 'True', 'target_path': 'None', 'warn_error_options': 'WarnErrorOptionsV2(error=[], warn=[], silence=[])', 'static_parser': 'True', 'printer_width': '80', 'write_json': 'True', 'introspect': 'True', 'log_cache_events': 'False', 'empty': 'None', 'cache_selected_only': 'False', 'fail_fast': 'False', 'debug': 'False', 'log_format': 'default', 'profiles_dir': 'C:\\Users\\PC\\.dbt', 'send_anonymous_usage_stats': 'True', 'quiet': 'False', 'warn_error': 'None', 'partial_parse': 'True', 'indirect_selection': 'eager', 'hints_enabled': 'True', 'invocation_command': 'dbt init', 'use_experimental_parser': 'False', 'use_colors': 'True', 'log_path': 'logs'}
[0m16:49:41.181396 [debug] [MainThread]: Starter project path: C:\Users\PC\Documents\E-commerce-Clickstream-Analytics-Pipeline\my_env\Lib\site-packages\dbt\include\starter_project
[0m16:49:41.205938 [info ] [MainThread]: Setting up your profile.
[0m16:53:38.324324 [info ] [MainThread]: Profile ecommerce_dbt written to C:\Users\PC\.dbt\profiles.yml using target's profile_template.yml and your supplied values.
[0m16:53:38.331298 [info ] [MainThread]: Running dbt debug to validate the project...
[0m16:53:38.335302 [info ] [MainThread]: dbt version: 1.12.5
[0m16:53:38.336299 [info ] [MainThread]: python version: 3.12.10
[0m16:53:38.372088 [info ] [MainThread]: python path: C:\Users\PC\Documents\E-commerce-Clickstream-Analytics-Pipeline\my_env\Scripts\python.exe
[0m16:53:38.410086 [info ] [MainThread]: os info: Windows-10-10.0.19045-SP0
[0m16:53:38.521263 [info ] [MainThread]: Using profiles dir at C:\Users\PC\.dbt
[0m16:53:38.521263 [info ] [MainThread]: Using profiles.yml file at C:\Users\PC\.dbt\profiles.yml
[0m16:53:38.522266 [info ] [MainThread]: Using dbt_project.yml file at C:\Users\PC\Documents\E-commerce-Clickstream-Analytics-Pipeline\ecommerce_dbt\dbt_project.yml
[0m16:53:38.524265 [info ] [MainThread]: adapter type: postgres
[0m16:53:38.524265 [info ] [MainThread]: adapter version: 1.11.0
[0m16:53:38.687872 [info ] [MainThread]: Configuration:
[0m16:53:38.688782 [info ] [MainThread]:   profiles.yml file [[32mOK found and valid[0m]
[0m16:53:38.689777 [info ] [MainThread]:   dbt_project.yml file [[32mOK found and valid[0m]
[0m16:53:38.690777 [info ] [MainThread]: Required dependencies:
[0m16:53:38.691775 [debug] [MainThread]: Executing "git --help"
[0m16:53:38.757937 [debug] [MainThread]: STDOUT: "b"usage: git [-v | --version] [-h | --help] [-C <path>] [-c <name>=<value>]\n           [--exec-path[=<path>]] [--html-path] [--man-path] [--info-path]\n           [-p | --paginate | -P | --no-pager] [--no-replace-objects] [--no-lazy-fetch]\n           [--no-optional-locks] [--no-advice] [--bare] [--git-dir=<path>]\n           [--work-tree=<path>] [--namespace=<name>] [--config-env=<name>=<envvar>]\n           <command> [<args>]\n\nThese are common Git commands used in various situations:\n\nstart a working area (see also: git help tutorial)\n   clone      Clone a repository into a new directory\n   init       Create an empty Git repository or reinitialize an existing one\n\nwork on the current change (see also: git help everyday)\n   add        Add file contents to the index\n   mv         Move or rename a file, a directory, or a symlink\n   restore    Restore working tree files\n   rm         Remove files from the working tree and from the index\n\nexamine the history and state (see also: git help revisions)\n   bisect     Use binary search to find the commit that introduced a bug\n   diff       Show changes between commits, commit and working tree, etc\n   grep       Print lines matching a pattern\n   log        Show commit logs\n   show       Show various types of objects\n   status     Show the working tree status\n\ngrow, mark and tweak your common history\n   backfill   Download missing objects in a partial clone\n   branch     List, create, or delete branches\n   commit     Record changes to the repository\n   history    EXPERIMENTAL: Rewrite history\n   merge      Join two or more development histories together\n   rebase     Reapply commits on top of another base tip\n   reset      Set `HEAD` or the index to a known state\n   switch     Switch branches\n   tag        Create, list, delete or verify tags\n\ncollaborate (see also: git help workflows)\n   fetch      Download objects and refs from another repository\n   pull       Fetch from and integrate with another repository or a local branch\n   push       Update remote refs along with associated objects\n\n'git help -a' and 'git help -g' list available subcommands and some\nconcept guides. See 'git help <command>' or 'git help <concept>'\nto read about a specific subcommand or concept.\nSee 'git help git' for an overview of the system.\n""
[0m16:53:38.758938 [debug] [MainThread]: STDERR: "b''"
[0m16:53:38.759934 [info ] [MainThread]:  - git [[32mOK found[0m]

[0m16:53:38.759934 [info ] [MainThread]: Connection:
[0m16:53:38.760936 [info ] [MainThread]:   host: localhost
[0m16:53:38.761936 [info ] [MainThread]:   port: 5432
[0m16:53:38.761936 [info ] [MainThread]:   user: postgres
[0m16:53:38.763102 [info ] [MainThread]:   database: ecommerce
[0m16:53:38.764105 [info ] [MainThread]:   schema: dbt_analytics
[0m16:53:38.764105 [info ] [MainThread]:   connect_timeout: 10
[0m16:53:38.765105 [info ] [MainThread]:   role: None
[0m16:53:38.765105 [info ] [MainThread]:   search_path: None
[0m16:53:38.766104 [info ] [MainThread]:   keepalives_idle: 0
[0m16:53:38.766104 [info ] [MainThread]:   sslmode: None
[0m16:53:38.767102 [info ] [MainThread]:   sslcert: None
[0m16:53:38.767102 [info ] [MainThread]:   sslkey: None
[0m16:53:38.768102 [info ] [MainThread]:   sslrootcert: None
[0m16:53:38.768102 [info ] [MainThread]:   application_name: dbt
[0m16:53:38.769102 [info ] [MainThread]:   autocommit: False
[0m16:53:38.769102 [info ] [MainThread]:   retries: 1
[0m16:53:38.770102 [info ] [MainThread]: Registered adapter: postgres=1.11.0
[0m16:53:39.194824 [debug] [MainThread]: Acquiring new postgres connection 'debug'
[0m16:53:41.800304 [debug] [MainThread]: Using postgres connection "debug"
[0m16:53:41.801300 [debug] [MainThread]: On debug: select 1 as id
[0m16:53:41.801300 [debug] [MainThread]: Opening a new connection, currently in state init
[0m16:53:41.896143 [debug] [MainThread]: SQL status: SELECT 1 in 0.095 seconds
[0m16:53:41.897146 [debug] [MainThread]: On debug: Close
[0m16:53:41.898144 [info ] [MainThread]:   Connection test: [[32mOK connection ok[0m]

[0m16:53:41.899144 [info ] [MainThread]: [32mAll checks passed![0m
[0m16:53:41.899144 [info ] [MainThread]: Your new dbt project "ecommerce_dbt" was created!
Initialized new project in C:\Users\PC\Documents\E-commerce-Clickstream-Analytics-Pipeline\ecommerce_dbt\ecommerce_dbt

For more information on how to configure the profiles.yml file,
please consult the dbt documentation here:

  https://docs.getdbt.com/docs/configure-your-profile

One more thing:

Need help? Don't hesitate to reach out to us via GitHub issues or on Slack:

  https://community.getdbt.com/

Happy modeling!

[0m16:53:41.901148 [debug] [MainThread]: Command `dbt init` succeeded at 16:53:41.901148 after 247.44 seconds
[0m16:53:41.902146 [debug] [MainThread]: Connection 'debug' was properly closed.
[0m16:53:41.902146 [debug] [MainThread]: Sending event: {'category': 'dbt', 'action': 'invocation', 'label': 'end', 'context': [<snowplow_tracker.self_describing_json.SelfDescribingJson object at 0x0000027B3B57EFF0>, <snowplow_tracker.self_describing_json.SelfDescribingJson object at 0x0000027B3B548950>, <snowplow_tracker.self_describing_json.SelfDescribingJson object at 0x0000027B3D608F50>]}
[0m16:53:41.903147 [debug] [MainThread]: Flushing usage events
[0m16:53:43.938756 [debug] [MainThread]: An error was encountered while trying to flush usage events
[0m16:53:54.512327 [debug] [MainThread]: Sending event: {'category': 'dbt', 'action': 'invocation', 'label': 'start', 'context': [<snowplow_tracker.self_describing_json.SelfDescribingJson object at 0x000001A3CBD7B140>, <snowplow_tracker.self_describing_json.SelfDescribingJson object at 0x000001A3CA18A0C0>, <snowplow_tracker.self_describing_json.SelfDescribingJson object at 0x000001A3CBFBFE60>]}


============================== 16:53:54.518772 | 4e027a71-0b59-4b1e-975d-4f61ef94f00a ==============================
[0m16:53:54.518772 [info ] [MainThread]: Running with dbt=1.12.5
[0m16:53:54.519390 [debug] [MainThread]: running dbt with arguments {'maximum_seed_size_mib': '1', 'no_print': 'None', 'static_parser': 'True', 'warn_error_options': 'WarnErrorOptionsV2(error=[], warn=[], silence=[])', 'target_path': 'None', 'version_check': 'True', 'printer_width': '80', 'write_json': 'True', 'introspect': 'True', 'log_cache_events': 'False', 'empty': 'None', 'cache_selected_only': 'False', 'fail_fast': 'False', 'debug': 'False', 'log_format': 'default', 'profiles_dir': 'C:\\Users\\PC\\.dbt', 'send_anonymous_usage_stats': 'True', 'quiet': 'False', 'warn_error': 'None', 'partial_parse': 'True', 'use_colors': 'True', 'hints_enabled': 'True', 'indirect_selection': 'eager', 'use_experimental_parser': 'False', 'invocation_command': 'dbt debug', 'log_path': 'logs'}
[0m16:53:54.559568 [info ] [MainThread]: dbt version: 1.12.5
[0m16:53:54.560555 [info ] [MainThread]: python version: 3.12.10
[0m16:53:54.560555 [info ] [MainThread]: python path: C:\Users\PC\Documents\E-commerce-Clickstream-Analytics-Pipeline\my_env\Scripts\python.exe
[0m16:53:54.562556 [info ] [MainThread]: os info: Windows-10-10.0.19045-SP0
[0m16:53:54.658833 [info ] [MainThread]: Error importing adapter: No module named 'dbt.adapters.bigquery'
[0m16:53:54.659572 [info ] [MainThread]: Using profiles dir at C:\Users\PC\.dbt
[0m16:53:54.660587 [info ] [MainThread]: Using profiles.yml file at C:\Users\PC\.dbt\profiles.yml
[0m16:53:54.661587 [info ] [MainThread]: Using dbt_project.yml file at C:\Users\PC\Documents\E-commerce-Clickstream-Analytics-Pipeline\dbt_project.yml
[0m16:53:54.662328 [info ] [MainThread]: Configuration:
[0m16:53:54.663329 [info ] [MainThread]:   profiles.yml file [[31mERROR invalid[0m]
[0m16:53:54.663329 [info ] [MainThread]:   dbt_project.yml file [[31mERROR not found[0m]
[0m16:53:54.664329 [info ] [MainThread]: Required dependencies:
[0m16:53:54.666331 [debug] [MainThread]: Executing "git --help"
[0m16:53:54.725971 [debug] [MainThread]: STDOUT: "b"usage: git [-v | --version] [-h | --help] [-C <path>] [-c <name>=<value>]\n           [--exec-path[=<path>]] [--html-path] [--man-path] [--info-path]\n           [-p | --paginate | -P | --no-pager] [--no-replace-objects] [--no-lazy-fetch]\n           [--no-optional-locks] [--no-advice] [--bare] [--git-dir=<path>]\n           [--work-tree=<path>] [--namespace=<name>] [--config-env=<name>=<envvar>]\n           <command> [<args>]\n\nThese are common Git commands used in various situations:\n\nstart a working area (see also: git help tutorial)\n   clone      Clone a repository into a new directory\n   init       Create an empty Git repository or reinitialize an existing one\n\nwork on the current change (see also: git help everyday)\n   add        Add file contents to the index\n   mv         Move or rename a file, a directory, or a symlink\n   restore    Restore working tree files\n   rm         Remove files from the working tree and from the index\n\nexamine the history and state (see also: git help revisions)\n   bisect     Use binary search to find the commit that introduced a bug\n   diff       Show changes between commits, commit and working tree, etc\n   grep       Print lines matching a pattern\n   log        Show commit logs\n   show       Show various types of objects\n   status     Show the working tree status\n\ngrow, mark and tweak your common history\n   backfill   Download missing objects in a partial clone\n   branch     List, create, or delete branches\n   commit     Record changes to the repository\n   history    EXPERIMENTAL: Rewrite history\n   merge      Join two or more development histories together\n   rebase     Reapply commits on top of another base tip\n   reset      Set `HEAD` or the index to a known state\n   switch     Switch branches\n   tag        Create, list, delete or verify tags\n\ncollaborate (see also: git help workflows)\n   fetch      Download objects and refs from another repository\n   pull       Fetch from and integrate with another repository or a local branch\n   push       Update remote refs along with associated objects\n\n'git help -a' and 'git help -g' list available subcommands and some\nconcept guides. See 'git help <command>' or 'git help <concept>'\nto read about a specific subcommand or concept.\nSee 'git help git' for an overview of the system.\n""
[0m16:53:54.727007 [debug] [MainThread]: STDERR: "b''"
[0m16:53:54.727007 [info ] [MainThread]:  - git [[32mOK found[0m]

[0m16:53:54.728636 [info ] [MainThread]: Connection test skipped since no profile was found
[0m16:53:54.729637 [info ] [MainThread]: [31m2 checks failed:[0m
[0m16:53:54.730638 [info ] [MainThread]: Could not load dbt_project.yml
Profile loading failed for the following reason:
Runtime Error
  Credentials in profile "nyc_taxi_analysis", target "dev" invalid: Runtime Error
    Could not find adapter type bigquery!


[0m16:53:54.730638 [info ] [MainThread]: Project loading failed for the following reason:
 project path <C:\Users\PC\Documents\E-commerce-Clickstream-Analytics-Pipeline\dbt_project.yml> not found

[0m16:53:54.732638 [debug] [MainThread]: Command `dbt debug` failed at 16:53:54.732638 after 0.48 seconds
[0m16:53:54.732638 [debug] [MainThread]: Sending event: {'category': 'dbt', 'action': 'invocation', 'label': 'end', 'context': [<snowplow_tracker.self_describing_json.SelfDescribingJson object at 0x000001A3CBD231D0>, <snowplow_tracker.self_describing_json.SelfDescribingJson object at 0x000001A3CBD23710>, <snowplow_tracker.self_describing_json.SelfDescribingJson object at 0x000001A3CBD21190>]}
[0m16:53:54.733656 [debug] [MainThread]: Flushing usage events
[0m16:53:56.284895 [debug] [MainThread]: An error was encountered while trying to flush usage events
[0m17:01:08.936893 [debug] [MainThread]: Sending event: {'category': 'dbt', 'action': 'invocation', 'label': 'start', 'context': [<snowplow_tracker.self_describing_json.SelfDescribingJson object at 0x0000018CDA4D2150>, <snowplow_tracker.self_describing_json.SelfDescribingJson object at 0x0000018CDCEABFB0>, <snowplow_tracker.self_describing_json.SelfDescribingJson object at 0x0000018CDABB6F00>]}


============================== 17:01:08.941618 | 29398d52-8ec8-42af-b7f0-7e01211aa435 ==============================
[0m17:01:08.941618 [info ] [MainThread]: Running with dbt=1.12.5
[0m17:01:08.943674 [debug] [MainThread]: running dbt with arguments {'static_parser': 'True', 'no_print': 'None', 'version_check': 'True', 'target_path': 'None', 'maximum_seed_size_mib': '1', 'warn_error_options': 'WarnErrorOptionsV2(error=[], warn=[], silence=[])', 'printer_width': '80', 'write_json': 'True', 'empty': 'None', 'log_cache_events': 'False', 'introspect': 'True', 'cache_selected_only': 'False', 'fail_fast': 'False', 'debug': 'False', 'log_format': 'default', 'profiles_dir': 'C:\\Users\\PC\\.dbt', 'send_anonymous_usage_stats': 'True', 'quiet': 'False', 'warn_error': 'None', 'partial_parse': 'True', 'use_colors': 'True', 'hints_enabled': 'True', 'indirect_selection': 'eager', 'use_experimental_parser': 'False', 'invocation_command': 'dbt debug', 'log_path': 'logs'}
[0m17:01:08.983353 [info ] [MainThread]: dbt version: 1.12.5
[0m17:01:08.983962 [info ] [MainThread]: python version: 3.12.10
[0m17:01:08.984963 [info ] [MainThread]: python path: C:\Users\PC\Documents\E-commerce-Clickstream-Analytics-Pipeline\my_env\Scripts\python.exe
[0m17:01:08.985476 [info ] [MainThread]: os info: Windows-10-10.0.19045-SP0
[0m17:01:09.099178 [info ] [MainThread]: Error importing adapter: No module named 'dbt.adapters.bigquery'
[0m17:01:09.099894 [info ] [MainThread]: Using profiles dir at C:\Users\PC\.dbt
[0m17:01:09.100931 [info ] [MainThread]: Using profiles.yml file at C:\Users\PC\.dbt\profiles.yml
[0m17:01:09.100931 [info ] [MainThread]: Using dbt_project.yml file at C:\Users\PC\Documents\E-commerce-Clickstream-Analytics-Pipeline\dbt_project.yml
[0m17:01:09.101966 [info ] [MainThread]: Configuration:
[0m17:01:09.102935 [info ] [MainThread]:   profiles.yml file [[31mERROR invalid[0m]
[0m17:01:09.102935 [info ] [MainThread]:   dbt_project.yml file [[31mERROR not found[0m]
[0m17:01:09.103936 [info ] [MainThread]: Required dependencies:
[0m17:01:09.104936 [debug] [MainThread]: Executing "git --help"
[0m17:01:09.173712 [debug] [MainThread]: STDOUT: "b"usage: git [-v | --version] [-h | --help] [-C <path>] [-c <name>=<value>]\n           [--exec-path[=<path>]] [--html-path] [--man-path] [--info-path]\n           [-p | --paginate | -P | --no-pager] [--no-replace-objects] [--no-lazy-fetch]\n           [--no-optional-locks] [--no-advice] [--bare] [--git-dir=<path>]\n           [--work-tree=<path>] [--namespace=<name>] [--config-env=<name>=<envvar>]\n           <command> [<args>]\n\nThese are common Git commands used in various situations:\n\nstart a working area (see also: git help tutorial)\n   clone      Clone a repository into a new directory\n   init       Create an empty Git repository or reinitialize an existing one\n\nwork on the current change (see also: git help everyday)\n   add        Add file contents to the index\n   mv         Move or rename a file, a directory, or a symlink\n   restore    Restore working tree files\n   rm         Remove files from the working tree and from the index\n\nexamine the history and state (see also: git help revisions)\n   bisect     Use binary search to find the commit that introduced a bug\n   diff       Show changes between commits, commit and working tree, etc\n   grep       Print lines matching a pattern\n   log        Show commit logs\n   show       Show various types of objects\n   status     Show the working tree status\n\ngrow, mark and tweak your common history\n   backfill   Download missing objects in a partial clone\n   branch     List, create, or delete branches\n   commit     Record changes to the repository\n   history    EXPERIMENTAL: Rewrite history\n   merge      Join two or more development histories together\n   rebase     Reapply commits on top of another base tip\n   reset      Set `HEAD` or the index to a known state\n   switch     Switch branches\n   tag        Create, list, delete or verify tags\n\ncollaborate (see also: git help workflows)\n   fetch      Download objects and refs from another repository\n   pull       Fetch from and integrate with another repository or a local branch\n   push       Update remote refs along with associated objects\n\n'git help -a' and 'git help -g' list available subcommands and some\nconcept guides. See 'git help <command>' or 'git help <concept>'\nto read about a specific subcommand or concept.\nSee 'git help git' for an overview of the system.\n""
[0m17:01:09.174940 [debug] [MainThread]: STDERR: "b''"
[0m17:01:09.176247 [info ] [MainThread]:  - git [[32mOK found[0m]

[0m17:01:09.177246 [info ] [MainThread]: Connection test skipped since no profile was found
[0m17:01:09.177246 [info ] [MainThread]: [31m2 checks failed:[0m
[0m17:01:09.178248 [info ] [MainThread]: Could not load dbt_project.yml
Profile loading failed for the following reason:
Runtime Error
  Credentials in profile "nyc_taxi_analysis", target "dev" invalid: Runtime Error
    Could not find adapter type bigquery!


[0m17:01:09.179247 [info ] [MainThread]: Project loading failed for the following reason:
 project path <C:\Users\PC\Documents\E-commerce-Clickstream-Analytics-Pipeline\dbt_project.yml> not found

[0m17:01:09.180247 [debug] [MainThread]: Command `dbt debug` failed at 17:01:09.180247 after 0.51 seconds
[0m17:01:09.181280 [debug] [MainThread]: Sending event: {'category': 'dbt', 'action': 'invocation', 'label': 'end', 'context': [<snowplow_tracker.self_describing_json.SelfDescribingJson object at 0x0000018CDCA470E0>, <snowplow_tracker.self_describing_json.SelfDescribingJson object at 0x0000018CDCEFDBB0>, <snowplow_tracker.self_describing_json.SelfDescribingJson object at 0x0000018CDCEABFB0>]}
[0m17:01:09.181280 [debug] [MainThread]: Flushing usage events
[0m17:01:11.030417 [debug] [MainThread]: An error was encountered while trying to flush usage events
